// Jest Snapshot v1, https://goo.gl/fbAQLP

exports[`should render demo and match snapshot 1`] = `
<div>
  <div class="van-address-list">
    <div class="van-radio-group"
         role="radiogroup"
    >
      <div class="van-address-item">
        <div class="van-cell van-cell--borderless">
          <div class="van-cell__value van-cell__value--alone van-address-item__value">
            <div role="radio"
                 class="van-radio"
                 tabindex="0"
                 aria-checked="true"
            >
              <div class="van-radio__icon van-radio__icon--round van-radio__icon--checked"
                   style="font-size: 18px;"
              >
                <i class="van-badge__wrapper van-icon van-icon-success">
                </i>
              </div>
              <span class="van-radio__label">
                <div class="van-address-item__name">
                  张三 13000000000
                  <transition-stub class="van-address-item__tag">
                    <span class="van-tag van-tag--round van-tag--danger">
                      默认
                    </span>
                  </transition-stub>
                </div>
                <div class="van-address-item__address">
                  浙江省杭州市西湖区文三路 138 号东方通信大厦 7 楼 501 室
                </div>
              </span>
            </div>
          </div>
          <i class="van-badge__wrapper van-icon van-icon-edit van-address-item__edit">
          </i>
        </div>
      </div>
      <div class="van-address-item">
        <div class="van-cell van-cell--borderless">
          <div class="van-cell__value van-cell__value--alone van-address-item__value">
            <div role="radio"
                 class="van-radio"
                 tabindex="0"
                 aria-checked="false"
            >
              <div class="van-radio__icon van-radio__icon--round"
                   style="font-size: 18px;"
              >
                <i class="van-badge__wrapper van-icon van-icon-success">
                </i>
              </div>
              <span class="van-radio__label">
                <div class="van-address-item__name">
                  李四 1310000000
                </div>
                <div class="van-address-item__address">
                  浙江省杭州市拱墅区莫干山路 50 号
                </div>
              </span>
            </div>
          </div>
          <i class="van-badge__wrapper van-icon van-icon-edit van-address-item__edit">
          </i>
        </div>
      </div>
    </div>
    <div class="van-address-list__disabled-text">
      以下地址超出配送范围
    </div>
    <div class="van-address-item van-address-item--disabled">
      <div class="van-cell van-cell--borderless">
        <div class="van-cell__value van-cell__value--alone van-address-item__value">
          <div class="van-address-item__name">
            王五 1320000000
          </div>
          <div class="van-address-item__address">
            浙江省杭州市滨江区江南大道 15 号
          </div>
        </div>
        <i class="van-badge__wrapper van-icon van-icon-edit van-address-item__edit">
        </i>
      </div>
    </div>
    <div class="van-address-list__bottom">
      <button type="button"
              class="van-button van-button--danger van-button--normal van-button--block van-button--round van-address-list__add"
      >
        <div class="van-button__content">
          <span class="van-button__text">
            新增地址
          </span>
        </div>
      </button>
    </div>
  </div>
</div>
`;
