// Jest Snapshot v1, https://goo.gl/fbAQLP

exports[`loading-size prop 1`] = `
<button type="button" class="van-button van-button--default van-button--normal van-button--loading">
  <div class="van-button__content">
    <div class="van-loading van-loading--circular van-button__loading"><span class="van-loading__spinner van-loading__spinner--circular" style="color: currentColor; width: 10px; height: 10px;"><svg class="van-loading__circular" viewBox="25 25 50 50"><circle cx="50" cy="50" r="20" fill="none"></circle></svg></span>
      <!---->
    </div>
    <!---->
    <!---->
  </div>
</button>
`;
