// Jest Snapshot v1, https://goo.gl/fbAQLP

exports[`should render demo and match snapshot 1`] = `
<div>
  <div class="van-cell van-cell--clickable" role="button" tabindex="0">
    <!---->
    <div class="van-cell__title"><span>文字提示</span>
      <!---->
    </div>
    <!----><i class="van-badge__wrapper van-icon van-icon-arrow van-cell__right-icon">
      <!---->
      <!---->
      <!----></i>
    <!---->
  </div>
  <div class="van-cell van-cell--clickable" role="button" tabindex="0">
    <!---->
    <div class="van-cell__title"><span>加载提示</span>
      <!---->
    </div>
    <!----><i class="van-badge__wrapper van-icon van-icon-arrow van-cell__right-icon">
      <!---->
      <!---->
      <!----></i>
    <!---->
  </div>
  <div class="van-cell van-cell--clickable" role="button" tabindex="0">
    <!---->
    <div class="van-cell__title"><span>成功提示</span>
      <!---->
    </div>
    <!----><i class="van-badge__wrapper van-icon van-icon-arrow van-cell__right-icon">
      <!---->
      <!---->
      <!----></i>
    <!---->
  </div>
  <div class="van-cell van-cell--clickable" role="button" tabindex="0">
    <!---->
    <div class="van-cell__title"><span>失败提示</span>
      <!---->
    </div>
    <!----><i class="van-badge__wrapper van-icon van-icon-arrow van-cell__right-icon">
      <!---->
      <!---->
      <!----></i>
    <!---->
  </div>
</div>
<div>
  <div class="van-cell van-cell--clickable" role="button" tabindex="0">
    <!---->
    <div class="van-cell__title"><span>自定义图标</span>
      <!---->
    </div>
    <!----><i class="van-badge__wrapper van-icon van-icon-arrow van-cell__right-icon">
      <!---->
      <!---->
      <!----></i>
    <!---->
  </div>
  <div class="van-cell van-cell--clickable" role="button" tabindex="0">
    <!---->
    <div class="van-cell__title"><span>自定义图片</span>
      <!---->
    </div>
    <!----><i class="van-badge__wrapper van-icon van-icon-arrow van-cell__right-icon">
      <!---->
      <!---->
      <!----></i>
    <!---->
  </div>
  <div class="van-cell van-cell--clickable" role="button" tabindex="0">
    <!---->
    <div class="van-cell__title"><span>自定义加载图标</span>
      <!---->
    </div>
    <!----><i class="van-badge__wrapper van-icon van-icon-arrow van-cell__right-icon">
      <!---->
      <!---->
      <!----></i>
    <!---->
  </div>
</div>
<div>
  <div class="van-cell van-cell--clickable" role="button" tabindex="0">
    <!---->
    <div class="van-cell__title"><span>顶部展示</span>
      <!---->
    </div>
    <!----><i class="van-badge__wrapper van-icon van-icon-arrow van-cell__right-icon">
      <!---->
      <!---->
      <!----></i>
    <!---->
  </div>
  <div class="van-cell van-cell--clickable" role="button" tabindex="0">
    <!---->
    <div class="van-cell__title"><span>底部展示</span>
      <!---->
    </div>
    <!----><i class="van-badge__wrapper van-icon van-icon-arrow van-cell__right-icon">
      <!---->
      <!---->
      <!----></i>
    <!---->
  </div>
</div>
<div>
  <div class="van-cell van-cell--clickable" role="button" tabindex="0">
    <!---->
    <div class="van-cell__title"><span>动态更新提示</span>
      <!---->
    </div>
    <!----><i class="van-badge__wrapper van-icon van-icon-arrow van-cell__right-icon">
      <!---->
      <!---->
      <!----></i>
    <!---->
  </div>
</div>
`;
