// Jest Snapshot v1, https://goo.gl/fbAQLP

exports[`should render demo and match snapshot 1`] = `
<div>
  <div class="van-address-edit">
    <div class="van-address-edit__fields">
      <div class="van-cell van-field">
        <div class="van-cell__title van-field__label">
          <span>
            姓名
          </span>
        </div>
        <div class="van-cell__value van-field__value">
          <div class="van-field__body">
            <input type="text"
                   class="van-field__control"
                   placeholder="收货人姓名"
            >
          </div>
        </div>
      </div>
      <div class="van-cell van-field">
        <div class="van-cell__title van-field__label">
          <span>
            电话
          </span>
        </div>
        <div class="van-cell__value van-field__value">
          <div class="van-field__body">
            <input type="tel"
                   class="van-field__control"
                   placeholder="收货人手机号"
            >
          </div>
        </div>
      </div>
      <div class="van-cell van-cell--clickable van-field"
           role="button"
           tabindex="0"
      >
        <div class="van-cell__title van-field__label">
          <span>
            地区
          </span>
        </div>
        <div class="van-cell__value van-field__value">
          <div class="van-field__body">
            <input type="text"
                   class="van-field__control"
                   readonly
                   placeholder="选择省 / 市 / 区"
            >
            <div class="van-field__right-icon">
              <i class="van-badge__wrapper van-icon van-icon-arrow">
              </i>
            </div>
          </div>
        </div>
      </div>
      <div class="van-cell van-field van-address-edit-detail">
        <div class="van-cell__title van-field__label">
          <span>
            详细地址
          </span>
        </div>
        <div class="van-cell__value van-field__value">
          <div class="van-field__body">
            <textarea rows="1"
                      class="van-field__control"
                      placeholder="街道门牌、楼层房间号等信息"
                      style="height: auto;"
            >
            </textarea>
          </div>
        </div>
      </div>
      <div class="van-cell van-field">
        <div class="van-cell__title van-field__label">
          <span>
            邮政编码
          </span>
        </div>
        <div class="van-cell__value van-field__value">
          <div class="van-field__body">
            <input type="tel"
                   class="van-field__control"
                   placeholder="邮政编码"
            >
          </div>
        </div>
      </div>
    </div>
    <div class="van-cell van-cell--center van-address-edit__default">
      <div class="van-cell__title">
        <span>
          设为默认收货地址
        </span>
      </div>
      <div role="switch"
           class="van-switch"
           style="font-size: 24px;"
           aria-checked="false"
      >
        <div class="van-switch__node">
        </div>
      </div>
    </div>
    <div class="van-address-edit__buttons">
      <button type="button"
              class="van-button van-button--danger van-button--normal van-button--block van-button--round"
      >
        <div class="van-button__content">
          <span class="van-button__text">
            保存
          </span>
        </div>
      </button>
      <button type="button"
              class="van-button van-button--default van-button--normal van-button--block van-button--round"
      >
        <div class="van-button__content">
          <span class="van-button__text">
            删除
          </span>
        </div>
      </button>
    </div>
  </div>
</div>
`;
