// Jest Snapshot v1, https://goo.gl/fbAQLP

exports[`should render demo and match snapshot 1`] = `
<div>
  <div class="van-submit-bar">
    <div class="van-submit-bar__bar">
      <div class="van-submit-bar__text">
        <span>
          合计：
        </span>
        <span class="van-submit-bar__price">
          ¥
          <span class="van-submit-bar__price-integer">
            30
          </span>
          .50
        </span>
      </div>
      <button type="button"
              class="van-button van-button--danger van-button--normal van-button--round van-submit-bar__button van-submit-bar__button--danger"
      >
        <div class="van-button__content">
          <span class="van-button__text">
            提交订单
          </span>
        </div>
      </button>
    </div>
  </div>
</div>
<div>
  <div class="van-submit-bar">
    <div class="van-submit-bar__tip">
      <i class="van-badge__wrapper van-icon van-icon-info-o van-submit-bar__tip-icon">
      </i>
      <span class="van-submit-bar__tip-text">
        你的收货地址不支持同城送, 我们已为你推荐快递
      </span>
    </div>
    <div class="van-submit-bar__bar">
      <div class="van-submit-bar__text">
        <span>
          合计：
        </span>
        <span class="van-submit-bar__price">
          ¥
          <span class="van-submit-bar__price-integer">
            30
          </span>
          .50
        </span>
      </div>
      <button type="button"
              class="van-button van-button--danger van-button--normal van-button--round van-button--disabled van-submit-bar__button van-submit-bar__button--danger"
              disabled
      >
        <div class="van-button__content">
          <span class="van-button__text">
            提交订单
          </span>
        </div>
      </button>
    </div>
  </div>
</div>
<div>
  <div class="van-submit-bar">
    <div class="van-submit-bar__bar">
      <div class="van-submit-bar__text">
        <span>
          合计：
        </span>
        <span class="van-submit-bar__price">
          ¥
          <span class="van-submit-bar__price-integer">
            30
          </span>
          .50
        </span>
      </div>
      <button type="button"
              class="van-button van-button--danger van-button--normal van-button--round van-button--loading van-submit-bar__button van-submit-bar__button--danger"
      >
        <div class="van-button__content">
          <div class="van-loading van-loading--circular van-button__loading">
            <span class="van-loading__spinner van-loading__spinner--circular"
                  style="color: currentColor; width: 20px; height: 20px;"
            >
              <svg class="van-loading__circular"
                   viewbox="25 25 50 50"
              >
                <circle cx="50"
                        cy="50"
                        r="20"
                        fill="none"
                >
                </circle>
              </svg>
            </span>
          </div>
        </div>
      </button>
    </div>
  </div>
</div>
<div>
  <div class="van-submit-bar">
    <div class="van-submit-bar__tip">
      你的收货地址不支持同城送,
      <span class="edit-address">
        修改地址
      </span>
    </div>
    <div class="van-submit-bar__bar">
      <div role="checkbox"
           class="van-checkbox"
           tabindex="0"
           aria-checked="true"
           bindgroup="true"
      >
        <div class="van-checkbox__icon van-checkbox__icon--round van-checkbox__icon--checked">
          <i class="van-badge__wrapper van-icon van-icon-success">
          </i>
        </div>
        <span class="van-checkbox__label">
          全选
        </span>
      </div>
      <div class="van-submit-bar__text">
        <span>
          合计：
        </span>
        <span class="van-submit-bar__price">
          ¥
          <span class="van-submit-bar__price-integer">
            30
          </span>
          .50
        </span>
      </div>
      <button type="button"
              class="van-button van-button--danger van-button--normal van-button--round van-submit-bar__button van-submit-bar__button--danger"
      >
        <div class="van-button__content">
          <span class="van-button__text">
            提交订单
          </span>
        </div>
      </button>
    </div>
  </div>
</div>
`;
